..............O.............................................
.............................O..............................
.......O....................................................
...O.......O...............O..O.............................
............................................................
......O.....................................................
...........O........O.......................................
...............................O...............O............
........O...................................................
............................................................
............................................................
............................................................
............................................................
............................................................
....................XX.XXX............O.....................
....................X....X..................................
....................X....X..................................
..........O.........X....X.............................O....
....................XXXXXX..................................
............................................................